[specthemes.com/proff/big-company/index.html]
[backblue.gif]
[fade.gif]
[index.html]
[specthemes.com/proff/big-company/img/logos/logo-shortcut.png]
[specthemes.com/proff/big-company/css/bootstrap.min.css]
[specthemes.com/proff/big-company/css/font-awesome.css]
[specthemes.com/proff/big-company/css/icomoon.css]
[specthemes.com/proff/big-company/css/pogo-slider.min.css]
[specthemes.com/proff/big-company/css/slider.css]
[specthemes.com/proff/big-company/css/animate.css]
[specthemes.com/proff/big-company/css/owl.carousel.css]
[specthemes.com/proff/big-company/css/default.css]
[specthemes.com/proff/big-company/css/styles.css]
[specthemes.com/proff/big-company/get-quote.html]
[specthemes.com/proff/big-company/img/logos/logo.png]
[specthemes.com/proff/big-company/about.html]
[specthemes.com/proff/big-company/team.html]
[specthemes.com/proff/big-company/services-1.html]
[specthemes.com/proff/big-company/services-2.html]
[specthemes.com/proff/big-company/services-detail-1.html]
[specthemes.com/proff/big-company/services-detail-2.html]
[specthemes.com/proff/big-company/projects-boxed.html]
[specthemes.com/proff/big-company/project-detail.html]
[specthemes.com/proff/big-company/blog-grid.html]
[specthemes.com/proff/big-company/blog-list.html]
[specthemes.com/proff/big-company/blog-post.html]
[specthemes.com/proff/big-company/404.html]
[specthemes.com/proff/big-company/faq.html]
[specthemes.com/proff/big-company/pricing.html]
[specthemes.com/proff/big-company/coming-soon.html]
[specthemes.com/proff/big-company/privacy-policy.html]
[specthemes.com/proff/big-company/under-construction.html]
[specthemes.com/proff/big-company/contact.html]
[specthemes.com/proff/big-company/img/slider/slide-4.jpg]
[specthemes.com/proff/big-company/img/slider/slide-2.jpg]
[specthemes.com/proff/big-company/img/slider/slide-3.jpg]
[specthemes.com/proff/big-company/img/slider/slide-5.jpg]
[specthemes.com/proff/big-company/img/content/services/serv-9.jpg]
[specthemes.com/proff/big-company/img/content/services/serv-7.jpg]
[specthemes.com/proff/big-company/img/content/services/serv-10.jpg]
[specthemes.com/proff/big-company/img/content/about/team.jpg]
[specthemes.com/proff/big-company/img/content/bg/parallax-1.jpg]
[specthemes.com/proff/big-company/img/content/team/t6.jpg]
[specthemes.com/proff/big-company/img/content/team/t3.jpg]
[specthemes.com/proff/big-company/img/content/team/t2.jpg]
[specthemes.com/proff/big-company/img/content/team/t5.jpg]
[specthemes.com/proff/big-company/img/content/projects/pr1.jpg]
[specthemes.com/proff/big-company/img/content/projects/pr2.jpg]
[specthemes.com/proff/big-company/img/content/projects/pr3.jpg]
[specthemes.com/proff/big-company/img/content/projects/pr4.jpg]
[specthemes.com/proff/big-company/img/content/projects/pr5.jpg]
[specthemes.com/proff/big-company/img/content/projects/pr8.jpg]
[specthemes.com/proff/big-company/img/content/bg/parallax-4.jpg]
[specthemes.com/proff/big-company/img/content/testmonials/member1.jpg]
[specthemes.com/proff/big-company/img/content/testmonials/member2.jpg]
[specthemes.com/proff/big-company/img/content/testmonials/member3.jpg]
[specthemes.com/proff/big-company/img/content/blog/bg1.jpg]
[specthemes.com/proff/big-company/img/content/blog/bg2.jpg]
[specthemes.com/proff/big-company/img/content/blog/bg3.jpg]
[specthemes.com/proff/big-company/img/content/partners/part-1.png]
[specthemes.com/proff/big-company/img/content/partners/part-2.png]
[specthemes.com/proff/big-company/img/content/partners/part-3.png]
[specthemes.com/proff/big-company/img/content/partners/part-4.png]
[specthemes.com/proff/big-company/img/content/partners/part-5.png]
[specthemes.com/proff/big-company/img/content/partners/part-6.png]
[specthemes.com/proff/big-company/img/logos/logo-2.png]
[specthemes.com/proff/big-company/img/content/footer-post-1.jpg]
[specthemes.com/proff/big-company/img/content/footer-post-2.jpg]
[specthemes.com/proff/big-company/img/content/footer-post-3.jpg]
[specthemes.com/proff/big-company/js/jquery.pogo-slider.min.js]
[specthemes.com/proff/big-company/js/bootstrap.min.js]
[specthemes.com/proff/big-company/js/pogo-main.js]
[specthemes.com/proff/big-company/js/jquery.min.js]
[specthemes.com/proff/big-company/js/owl.carousel.js]
[specthemes.com/proff/big-company/js/wow.min.js]
[specthemes.com/proff/big-company/js/jquery.counterup.min.js]
[cdnjs.cloudflare.com/ajax/libs/waypoints/2.0.3/waypoints.min.js]
[specthemes.com/proff/big-company/js/isotope.pkgd.min.js]
[specthemes.com/proff/big-company/js/tabs.min.js]
[specthemes.com/proff/big-company/js/jquery.countdown.js]
[specthemes.com/proff/big-company/js/modernizr.js]
[specthemes.com/proff/big-company/index.html]
[specthemes.com/proff/big-company/js/main.js]
[specthemes.com/proff/big-company/fonts/glyphicons-halflings-regular.eot]
[specthemes.com/proff/big-company/fonts/glyphicons-halflings-regulard41d.eot]
[specthemes.com/proff/big-company/fonts/glyphicons-halflings-regular.woff2]
[specthemes.com/proff/big-company/css/bootstrap.min.css]
[specthemes.com/proff/big-company/fonts/fontawesome-webfont3e6e.eot]
[specthemes.com/proff/big-company/fonts/glyphicons-halflings-regular.svg]
[specthemes.com/proff/big-company/fonts/fontawesome-webfontd41d.eot]
[specthemes.com/proff/big-company/fonts/glyphicons-halflings-regular.woff]
[specthemes.com/proff/big-company/fonts/glyphicons-halflings-regular.ttf]
[specthemes.com/proff/big-company/fonts/fontawesome-webfont3e6e.woff2]
[specthemes.com/proff/big-company/fonts/fontawesome-webfont3e6e.woff]
[specthemes.com/proff/big-company/css/font-awesome.css]
[specthemes.com/proff/big-company/fonts/icomoon676e.eot]
[specthemes.com/proff/big-company/fonts/fontawesome-webfont3e6e.svg]
[specthemes.com/proff/big-company/fonts/fontawesome-webfont3e6e.ttf]
[specthemes.com/proff/big-company/fonts/icomoon676e.svg]
[specthemes.com/proff/big-company/css/icomoon.css]
[specthemes.com/proff/big-company/css/pogo-slider.min.css]
[specthemes.com/proff/big-company/css/slider.css]
[specthemes.com/proff/big-company/css/animate.css]
[specthemes.com/proff/big-company/css/owl.video.play.5f.delayed]
[specthemes.com/proff/big-company/css/owl.carousel.css]
[specthemes.com/proff/big-company/css/default.css]
[specthemes.com/proff/big-company/css/styles.css]
[specthemes.com/proff/big-company/img/content/bg/parallax-5.jpg]
[specthemes.com/proff/big-company/fonts/icomoon676e.ttf]
[specthemes.com/proff/big-company/img/content/about/hands.jpg]
[specthemes.com/proff/big-company/fonts/icomoon676e.woff]
[specthemes.com/proff/big-company/js/map.js]
[specthemes.com/proff/big-company/get-quote.html]
[specthemes.com/proff/big-company/img/content/about/teamm.jpg]
[specthemes.com/proff/big-company/img/content/services/serv-8.jpg]
[specthemes.com/proff/big-company/img/content/services/serv-13.jpg]
[specthemes.com/proff/big-company/img/content/services/serv-5.jpg]
[specthemes.com/proff/big-company/img/content/bg/parallax-6.jpg]
[specthemes.com/proff/big-company/about.html]
[specthemes.com/proff/big-company/img/content/team/t1.jpg]
[specthemes.com/proff/big-company/img/content/team/t4.jpg]
[specthemes.com/proff/big-company/img/content/team/t7.jpg]
[specthemes.com/proff/big-company/img/content/team/t8.jpg]
[specthemes.com/proff/big-company/team.html]
[specthemes.com/proff/big-company/img/content/services/serv-18.jpg]
[specthemes.com/proff/big-company/services-1.html]
[specthemes.com/proff/big-company/img/content/services/serv-17.jpg]
[specthemes.com/proff/big-company/img/content/services/serv-15.jpg]
[specthemes.com/proff/big-company/img/content/services/serv-11.jpg]
[specthemes.com/proff/big-company/img/content/services/serv-12.jpg]
[specthemes.com/proff/big-company/services-2.html]
[specthemes.com/proff/big-company/img/content/services/serv-det-1.jpg]
[specthemes.com/proff/big-company/img/content/services/serv-4.jpg]
[specthemes.com/proff/big-company/services-detail-1.html]
[specthemes.com/proff/big-company/img/content/services/serv-det-2.jpg]
[specthemes.com/proff/big-company/services-detail-2.html]
[specthemes.com/proff/big-company/img/content/projects/pr9.jpg]
[specthemes.com/proff/big-company/img/content/projects/pr10.jpg]
[specthemes.com/proff/big-company/img/content/projects/pr11.jpg]
[specthemes.com/proff/big-company/projects-boxed.html]
[specthemes.com/proff/big-company/img/content/projects/project-detail.jpg]
[specthemes.com/proff/big-company/project-detail.html]
[specthemes.com/proff/big-company/img/content/blog/bg4.jpg]
[specthemes.com/proff/big-company/img/content/blog/bg5.jpg]
[specthemes.com/proff/big-company/img/content/blog/bg6.jpg]
[specthemes.com/proff/big-company/blog-grid.html]
[specthemes.com/proff/big-company/img/content/blog/blog02.jpg]
[specthemes.com/proff/big-company/img/content/blog/blog04.jpg]
[specthemes.com/proff/big-company/img/content/blog/blog01.jpg]
[specthemes.com/proff/big-company/img/content/blog/blog05.jpg]
[specthemes.com/proff/big-company/blog-list.html]
[specthemes.com/proff/big-company/img/content/blog/bl11.jpg]
[specthemes.com/proff/big-company/blog-post.html]
[specthemes.com/proff/big-company/img/content/bg/dan-gold.jpg]
[specthemes.com/proff/big-company/404.html]
[specthemes.com/proff/big-company/faq.html]
[specthemes.com/proff/big-company/pricing.html]
[specthemes.com/proff/big-company/img/content/bg/soon.jpg]
[specthemes.com/proff/big-company/coming-soon.html]
[specthemes.com/proff/big-company/privacy-policy.html]
[specthemes.com/proff/big-company/under-construction.html]
[specthemes.com/proff/big-company/contact.html]
[specthemes.com/proff/big-company/fonts/glyphicons-halflings-regular.svg]
[specthemes.com/proff/big-company/fonts/fontawesome-webfont3e6e.svg]
[specthemes.com/proff/big-company/fonts/icomoon676e.svg]
[specthemes.com/proff/big-company/css/owl.video.play.html]
